app/(admin)/admin/projects/page.tsx(264,62): error TS2339: Property 'year' does not exist on type 'Partial<Project>'.
app/(admin)/admin/projects/page.tsx(264,128): error TS2353: Object literal may only specify known properties, and 'year' does not exist in type 'Partial<Project> | ((prevState: Partial<Project> | null) => Partial<Project> | null)'.
app/(admin)/admin/sections/page.tsx(16,98): error TS2339: Property 'id' does not exist on type 'SiteSection'.
app/(admin)/admin/sections/page.tsx(39,20): error TS2339: Property 'id' does not exist on type 'SiteSection'.
app/(admin)/admin/sections/page.tsx(55,43): error TS2339: Property 'id' does not exist on type 'SiteSection'.
app/(admin)/admin/sections/page.tsx(95,50): error TS2339: Property 'id' does not exist on type 'SiteSection'.
app/(admin)/admin/sections/page.tsx(96,50): error TS2339: Property 'id' does not exist on type 'SiteSection'.
app/(admin)/admin/sections/page.tsx(101,59): error TS2339: Property 'id' does not exist on type 'SiteSection'.
app/(admin)/admin/sections/page.tsx(107,41): error TS2339: Property 'id' does not exist on type 'SiteSection'.
app/(admin)/admin/sections/page.tsx(126,57): error TS2339: Property 'id' does not exist on type 'SiteSection'.
app/(admin)/admin/sections/page.tsx(129,52): error TS2339: Property 'id' does not exist on type 'SiteSection'.
app/(admin)/admin/theme/page.tsx(56,74): error TS2339: Property 'default_value' does not exist on type 'ThemeVariable'.
app/(admin)/admin/theme/page.tsx(57,58): error TS2339: Property 'default_value' does not exist on type 'ThemeVariable'.
app/(admin)/admin/theme/page.tsx(94,70): error TS2339: Property 'default_value' does not exist on type 'ThemeVariable'.
components/site/sections/AboutSection.tsx(72,15): error TS2322: Type '{ text: string; className: string; style: CSSProperties; }' is not assignable to type 'IntrinsicAttributes & AnimatedHeadlineProps'.
  Property 'style' does not exist on type 'IntrinsicAttributes & AnimatedHeadlineProps'.
components/site/sections/ClientsSection.tsx(59,11): error TS2322: Type '{ text: string; style: CSSProperties; }' is not assignable to type 'IntrinsicAttributes & AnimatedHeadlineProps'.
  Property 'style' does not exist on type 'IntrinsicAttributes & AnimatedHeadlineProps'.
components/site/sections/ContactSection.tsx(5,29): error TS2307: Cannot find module '@hookform/resolvers/zod' or its corresponding type declarations.
components/site/sections/ContactSection.tsx(96,13): error TS2322: Type '{ text: string; style: CSSProperties; }' is not assignable to type 'IntrinsicAttributes & AnimatedHeadlineProps'.
  Property 'style' does not exist on type 'IntrinsicAttributes & AnimatedHeadlineProps'.
components/site/sections/HeroSection.tsx(210,15): error TS2322: Type '{ children: string; href: string; id: string; className: string; style: CSSProperties; }' is not assignable to type 'IntrinsicAttributes & MagneticButtonProps'.
  Property 'style' does not exist on type 'IntrinsicAttributes & MagneticButtonProps'.
components/site/sections/HeroSection.tsx(233,15): error TS2322: Type '{ children: string; href: string; id: string; style: CSSProperties; }' is not assignable to type 'IntrinsicAttributes & MagneticButtonProps'.
  Property 'style' does not exist on type 'IntrinsicAttributes & MagneticButtonProps'.
components/site/sections/ProjectsSection.tsx(53,13): error TS2322: Type '{ text: string; style: CSSProperties; }' is not assignable to type 'IntrinsicAttributes & AnimatedHeadlineProps'.
  Property 'style' does not exist on type 'IntrinsicAttributes & AnimatedHeadlineProps'.
components/site/sections/ProjectsSection.tsx(128,15): error TS2322: Type '{ text: string; style: CSSProperties; }' is not assignable to type 'IntrinsicAttributes & AnimatedHeadlineProps'.
  Property 'style' does not exist on type 'IntrinsicAttributes & AnimatedHeadlineProps'.
components/site/sections/SafetySection.tsx(77,13): error TS2322: Type '{ text: string; style: CSSProperties; }' is not assignable to type 'IntrinsicAttributes & AnimatedHeadlineProps'.
  Property 'style' does not exist on type 'IntrinsicAttributes & AnimatedHeadlineProps'.
components/site/sections/ServicesSection.tsx(116,13): error TS2322: Type '{ text: string; style: CSSProperties; }' is not assignable to type 'IntrinsicAttributes & AnimatedHeadlineProps'.
  Property 'style' does not exist on type 'IntrinsicAttributes & AnimatedHeadlineProps'.
components/site/sections/TeamSection.tsx(146,13): error TS2322: Type '{ text: string; style: CSSProperties; }' is not assignable to type 'IntrinsicAttributes & AnimatedHeadlineProps'.
  Property 'style' does not exist on type 'IntrinsicAttributes & AnimatedHeadlineProps'.
components/site/SiteNav.tsx(83,11): error TS2322: Type '{ children: string; href: string; className: string; style: CSSProperties; }' is not assignable to type 'IntrinsicAttributes & MagneticButtonProps'.
  Property 'style' does not exist on type 'IntrinsicAttributes & MagneticButtonProps'.
